../Core/Src/lcd_i2c.c:44:20:i2c_write	24	static
../Core/Src/lcd_i2c.c:54:20:short_delay	16	static,ignoring_inline_asm
../Core/Src/lcd_i2c.c:65:13:lcd_pulse_enable	16	static
../Core/Src/lcd_i2c.c:80:13:lcd_write4bits	24	static
../Core/Src/lcd_i2c.c:109:13:lcd_send	16	static
../Core/Src/lcd_i2c.c:120:13:lcd_command	16	static
../Core/Src/lcd_i2c.c:135:6:LCD_SetBacklight	16	static
../Core/Src/lcd_i2c.c:156:6:LCD_Init	8	static
../Core/Src/lcd_i2c.c:184:6:LCD_Clear	8	static
../Core/Src/lcd_i2c.c:192:6:LCD_Home	8	static
../Core/Src/lcd_i2c.c:216:6:LCD_SetCursor	16	static
../Core/Src/lcd_i2c.c:228:6:LCD_Print	16	static
../Core/Src/lcd_i2c.c:239:6:LCD_PrintAt	16	static
../Core/Src/lcd_i2c.c:254:6:LCD_SelfTest	16	static
../Core/Src/lcd_i2c.c:280:6:I2C1_Scan_And_Log	16	static
