../Core/Inc/pid.h:38:20:PID_SetTunings	24	static
../Core/Src/main.c:198:5:__io_putchar	24	static
../Core/Src/main.c:211:5:main	40	static
../Core/Src/main.c:365:6:SystemClock_Config	88	static
../Core/Src/main.c:412:13:MX_I2C1_Init	8	static
../Core/Src/main.c:446:13:MX_TIM3_Init	48	static
../Core/Src/main.c:499:13:MX_USART2_UART_Init	8	static
../Core/Src/main.c:532:13:MX_GPIO_Init	40	static
../Core/Src/main.c:571:20:LCD_ShowFaultBanner	16	static
../Core/Src/main.c:583:20:LCD_ShowLinesNoClear	64	static
../Core/Src/main.c:607:6:StartSafetyTask	24	static
../Core/Src/main.c:670:6:StartPIDTask	56	static
../Core/Src/main.c:774:6:StartTempTask	32	static
../Core/Src/main.c:822:6:StartPowerTask	32	static
../Core/Src/main.c:851:6:StartUITask	128	static
../Core/Src/main.c:932:6:HAL_TIM_PeriodElapsedCallback	16	static
../Core/Src/main.c:950:6:Error_Handler	4	static,ignoring_inline_asm
